Commerce                                            
Module: orders                                      
  payments                                          
Activity                                            
• connected                                         
• orders loaded                                     
                                                    
                                                    
                                                    
                                                    
                                                    
> show orders                                       
[READY] orders loaded  enter submit                 
