Commerce                                        
Module: orders                                  
  payments                                      
Activity                                        
• connected                                     
                                                
                                                
                                                
                                                
                                                
>                                               
[READY] ready for prompts  enter submit         
