Commerce                                        
Module: orders                                  
  payments                                      
Activity                                        
• connected                                     
                                                
                                                
                                                
                                                
                                                
> show orders                                   
[READY] ready for prompts  enter submit         
