Commerce                                            
Module: orders                                      
  payments                                          
Activity                                            
• connected                                         
• loading orders                                    
                                                    
                                                    
                                                    
                                                    
                                                    
>                                                   
[BUSY] loading orders  enter submit                 
