Spice Agent                                     
                                                
                                                
                                                
                                                
                                                
                                                
                                                
                                                
                                                
> list owner                                    
[RECONNECTING] connecting to agent session      
